// Jest Snapshot v1, https://goo.gl/fbAQLP

exports[`Imprint component renders 1`] = `
<h2
  div="imprint-header"
>
  Imprint
</h2>
`;
